<?xml version="1.0" encoding="UTF-8"?>
<TestRun id="7342d211-36c1-481a-9d1d-74db7e532727" name="Wangsong@WANGSONG-PC 2013-03-25 18:09:52" runUser="Wangsong-PC\Wangsong" xmlns="http://microsoft.com/schemas/VisualStudio/TeamTest/2010">
  <TestSettings name="本地" id="5a90e3fc-bbcb-4d58-a74b-d117d43c1917">
    <Description>这些设置为本地测试运行的默认测试设置。</Description>
    <Deployment enabled="false" runDeploymentRoot="Wangsong_WANGSONG-PC 2013-03-25 18_09_52">
      <DeploymentItem filename="D:\File\DLL\ICSharpCode.SharpZipLib.dll" />
      <DeploymentItem filename="C:\Users\Wangsong\Documents\Visual Studio 2010\Projects\ifscmClient\Brilliantech.MonoScmPrinter\Brilliantech.MonoScmPrinter.BaseCL\bin\Debug\Brilliantech.MonoScmPrinter.BaseCL.dll" />
      <DeploymentItem filename="C:\Users\Wangsong\Documents\Visual Studio 2010\Projects\ifscmClient\Brilliantech.MonoScmPrinter\Brilliantech.ReportGenConnector\bin\Debug\Brilliantech.ReportGenConnector.dll" />
      <DeploymentItem filename="C:\Users\Wangsong\Documents\Visual Studio 2010\Projects\ifscmClient\Brilliantech.MonoScmPrinter\Brilliantech.MonoScmPrinter.ClientCL\bin\Debug\Brilliantech.MonoScmPrinter.ClientCL.dll" />
      <DeploymentItem filename="C:\Users\Wangsong\Documents\Visual Studio 2010\Projects\ifscmClient\Brilliantech.MonoScmPrinter\Brilliantech.MonoScmPrinter.Service\bin\Debug\MonoScmPrinterService.dll" />
    </Deployment>
    <Execution>
      <TestTypeSpecific />
      <AgentRule name="Execution Agents">
      </AgentRule>
    </Execution>
  </TestSettings>
  <Times creation="2013-03-25T18:09:52.9458000+08:00" queuing="2013-03-25T18:09:52.9778000+08:00" start="2013-03-25T18:09:53.0638000+08:00" finish="2013-03-25T18:09:57.0628000+08:00" />
  <ResultSummary outcome="Failed">
    <Counters total="1" executed="1" error="0" failed="1" timeout="0" aborted="0" inconclusive="0" passedButRunAborted="0" notRunnable="0" notExecuted="0" disconnected="0" warning="0" passed="0" completed="0" inProgress="0" pending="0" />
  </ResultSummary>
  <TestDefinitions>
    <UnitTest name="DnArriveTest" storage="c:\users\wangsong\documents\visual studio 2010\projects\ifscmclient\brilliantech.monoscmprinter\brilliantech.monoscmprinter.testproject\bin\debug\brilliantech.monoscmprinter.testproject.dll" id="b7d09e14-27d0-9def-7015-1696ad3fe075">
      <Execution id="d121d98e-0b7b-47fa-bfcd-8954b9df251e" />
      <TestMethod codeBase="C:/Users/Wangsong/Documents/Visual Studio 2010/Projects/ifscmClient/Brilliantech.MonoScmPrinter/Brilliantech.MonoScmPrinter.TestProject/bin/Debug/Brilliantech.MonoScmPrinter.TestProject.DLL" adapterTypeName="Microsoft.VisualStudio.TestTools.TestTypes.Unit.UnitTestAdapter, Microsoft.VisualStudio.QualityTools.Tips.UnitTest.Adapter, Version=10.0.0.0, Culture=neutral, PublicKeyToken=b03f5f7f11d50a3a" className="Brilliantech.MonoScmPrinter.TestProject.RestDeliveryTest, Brilliantech.MonoScmPrinter.TestProject, Version=1.0.0.0, Culture=neutral, PublicKeyToken=null" name="DnArriveTest" />
    </UnitTest>
  </TestDefinitions>
  <TestLists>
    <TestList name="列表中未列出的结果" id="8c84fa94-04c1-424b-9868-57a2d4851a1d" />
    <TestList name="所有已加载的结果" id="19431567-8539-422a-85d7-44ee4e166bda" />
  </TestLists>
  <TestEntries>
    <TestEntry testId="b7d09e14-27d0-9def-7015-1696ad3fe075" executionId="d121d98e-0b7b-47fa-bfcd-8954b9df251e" testListId="8c84fa94-04c1-424b-9868-57a2d4851a1d" />
  </TestEntries>
  <Results>
    <UnitTestResult executionId="d121d98e-0b7b-47fa-bfcd-8954b9df251e" testId="b7d09e14-27d0-9def-7015-1696ad3fe075" testName="DnArriveTest" computerName="WANGSONG-PC" duration="00:00:03.5774754" startTime="2013-03-25T18:09:53.2228000+08:00" endTime="2013-03-25T18:09:57.0368000+08:00" testType="13cdc9d9-ddb5-4fa4-a97d-d965ccfc6d4b" outcome="Failed" testListId="8c84fa94-04c1-424b-9868-57a2d4851a1d" relativeResultsDirectory="d121d98e-0b7b-47fa-bfcd-8954b9df251e">
      <Output>
        <ErrorInfo>
          <Message>测试方法 Brilliantech.MonoScmPrinter.TestProject.RestDeliveryTest.DnArriveTest 引发了异常: 
Brilliantech.MonoScmPrinter.ClientCL.CusExceptions.RestHostMissingException: 网络连接错误，请核实网络状况！ ---&gt; System.Net.WebException: 远程服务器返回错误: (500) 内部服务器错误。</Message>
          <StackTrace>    在 System.Net.HttpWebRequest.GetResponse()
   在 Brilliantech.MonoScmPrinter.ClientCL.RestRequest.GetResponse(HttpWebRequest req, Byte[] bytes) 位置 C:\Users\Wangsong\Documents\Visual Studio 2010\Projects\ifscmClient\Brilliantech.MonoScmPrinter\Brilliantech.MonoScmPrinter.ClientCL\RestRequest.cs:行号 32
 --- 内部异常堆栈跟踪的末尾 ---
    在 Brilliantech.MonoScmPrinter.ClientCL.RestRequest.GetResponse(HttpWebRequest req, Byte[] bytes) 位置 C:\Users\Wangsong\Documents\Visual Studio 2010\Projects\ifscmClient\Brilliantech.MonoScmPrinter\Brilliantech.MonoScmPrinter.ClientCL\RestRequest.cs:行号 53
   在 Brilliantech.MonoScmPrinter.ClientCL.RestApis.RestDelivery.DnArrive(Int32 orgId, String dnKey) 位置 C:\Users\Wangsong\Documents\Visual Studio 2010\Projects\ifscmClient\Brilliantech.MonoScmPrinter\Brilliantech.MonoScmPrinter.ClientCL\RestApis\RestDelivery.cs:行号 78
   在 Brilliantech.MonoScmPrinter.TestProject.RestDeliveryTest.DnArriveTest() 位置 C:\Users\Wangsong\Documents\Visual Studio 2010\Projects\ifscmClient\Brilliantech.MonoScmPrinter\Brilliantech.MonoScmPrinter.TestProject\RestDeliveryTest.cs:行号 148
</StackTrace>
        </ErrorInfo>
      </Output>
    </UnitTestResult>
  </Results>
</TestRun>