<?xml version="1.0" encoding="UTF-8"?>
<TestRun id="aeef92c5-0c2d-4a0b-aa7a-c1a4c5c4e823" name="Wangsong@WANGSONG-PC 2013-01-27 23:03:54" runUser="Wangsong-PC\Wangsong" xmlns="http://microsoft.com/schemas/VisualStudio/TeamTest/2010">
  <TestSettings name="本地" id="5a90e3fc-bbcb-4d58-a74b-d117d43c1917">
    <Description>这些设置为本地测试运行的默认测试设置。</Description>
    <Deployment enabled="false" runDeploymentRoot="Wangsong_WANGSONG-PC 2013-01-27 23_03_54">
      <DeploymentItem filename="D:\File\DLL\ICSharpCode.SharpZipLib.dll" />
      <DeploymentItem filename="C:\Users\Wangsong\documents\visual studio 2010\Projects\Brilliantech.MonoScmPrinter\Brilliantech.MonoScmPrinter.Service\bin\Debug\MonoScmPrinterService.dll" />
      <DeploymentItem filename="C:\Users\Wangsong\documents\visual studio 2010\Projects\Brilliantech.MonoScmPrinter\Brilliantech.MonoScmPrinter.ClientCL\bin\Debug\Brilliantech.MonoScmPrinter.ClientCL.dll" />
      <DeploymentItem filename="C:\Users\Wangsong\documents\visual studio 2010\Projects\Brilliantech.MonoScmPrinter\Brilliantech.MonoScmPrinter.BaseCL\bin\Debug\Brilliantech.MonoScmPrinter.BaseCL.dll" />
      <DeploymentItem filename="C:\Users\Wangsong\documents\visual studio 2010\Projects\Brilliantech.MonoScmPrinter\Brilliantech.ReportGenConnector\bin\Debug\Brilliantech.ReportGenConnector.dll" />
    </Deployment>
    <Execution>
      <TestTypeSpecific />
      <AgentRule name="Execution Agents">
      </AgentRule>
    </Execution>
  </TestSettings>
  <Times creation="2013-01-27T23:03:54.6131500+08:00" queuing="2013-01-27T23:03:54.6981500+08:00" start="2013-01-27T23:03:54.7256500+08:00" finish="2013-01-27T23:04:01.9927500+08:00" />
  <ResultSummary outcome="Failed">
    <Counters total="1" executed="1" error="0" failed="1" timeout="0" aborted="0" inconclusive="0" passedButRunAborted="0" notRunnable="0" notExecuted="0" disconnected="0" warning="0" passed="0" completed="0" inProgress="0" pending="0" />
  </ResultSummary>
  <TestDefinitions>
    <UnitTest name="DnItemPrintDataTest" storage="c:\users\wangsong\documents\visual studio 2010\projects\brilliantech.monoscmprinter\brilliantech.monoscmprinter.testproject\bin\debug\brilliantech.monoscmprinter.testproject.dll" id="c99ca6c9-5407-62f0-6dbf-e9f1516daf66">
      <Execution id="dc536f5b-116e-4fc8-9e0b-978824966c2c" />
      <TestMethod codeBase="C:/Users/Wangsong/documents/visual studio 2010/Projects/Brilliantech.MonoScmPrinter/Brilliantech.MonoScmPrinter.TestProject/bin/Debug/Brilliantech.MonoScmPrinter.TestProject.DLL" adapterTypeName="Microsoft.VisualStudio.TestTools.TestTypes.Unit.UnitTestAdapter, Microsoft.VisualStudio.QualityTools.Tips.UnitTest.Adapter, Version=10.0.0.0, Culture=neutral, PublicKeyToken=b03f5f7f11d50a3a" className="Brilliantech.MonoScmPrinter.TestProject.RestDeliveryTest, Brilliantech.MonoScmPrinter.TestProject, Version=1.0.0.0, Culture=neutral, PublicKeyToken=null" name="DnItemPrintDataTest" />
    </UnitTest>
  </TestDefinitions>
  <TestLists>
    <TestList name="列表中未列出的结果" id="8c84fa94-04c1-424b-9868-57a2d4851a1d" />
    <TestList name="所有已加载的结果" id="19431567-8539-422a-85d7-44ee4e166bda" />
  </TestLists>
  <TestEntries>
    <TestEntry testId="c99ca6c9-5407-62f0-6dbf-e9f1516daf66" executionId="dc536f5b-116e-4fc8-9e0b-978824966c2c" testListId="8c84fa94-04c1-424b-9868-57a2d4851a1d" />
  </TestEntries>
  <Results>
    <UnitTestResult executionId="dc536f5b-116e-4fc8-9e0b-978824966c2c" testId="c99ca6c9-5407-62f0-6dbf-e9f1516daf66" testName="DnItemPrintDataTest" computerName="WANGSONG-PC" duration="00:00:07.0125427" startTime="2013-01-27T23:03:54.7244000+08:00" endTime="2013-01-27T23:04:01.9452500+08:00" testType="13cdc9d9-ddb5-4fa4-a97d-d965ccfc6d4b" outcome="Failed" testListId="8c84fa94-04c1-424b-9868-57a2d4851a1d" relativeResultsDirectory="dc536f5b-116e-4fc8-9e0b-978824966c2c">
      <Output>
        <ErrorInfo>
          <Message>测试方法 Brilliantech.MonoScmPrinter.TestProject.RestDeliveryTest.DnItemPrintDataTest 引发了异常: 
System.Net.WebException: 远程服务器返回错误: (500) 内部服务器错误。</Message>
          <StackTrace>    在 Brilliantech.MonoScmPrinter.ClientCL.RestRequest.GetResponse(HttpWebRequest req, Byte[] bytes) 位置 C:\Users\Wangsong\documents\visual studio 2010\Projects\Brilliantech.MonoScmPrinter\Brilliantech.MonoScmPrinter.ClientCL\RestRequest.cs:行号 52
   在 Brilliantech.MonoScmPrinter.ClientCL.RestApis.RestDelivery.DnItemPrintData(String dnKey) 位置 C:\Users\Wangsong\documents\visual studio 2010\Projects\Brilliantech.MonoScmPrinter\Brilliantech.MonoScmPrinter.ClientCL\RestApis\RestDelivery.cs:行号 46
   在 Brilliantech.MonoScmPrinter.TestProject.RestDeliveryTest.DnItemPrintDataTest() 位置 C:\Users\Wangsong\documents\visual studio 2010\Projects\Brilliantech.MonoScmPrinter\Brilliantech.MonoScmPrinter.TestProject\RestDeliveryTest.cs:行号 129
</StackTrace>
        </ErrorInfo>
      </Output>
    </UnitTestResult>
  </Results>
</TestRun>